Archive member included to satisfy reference by file (symbol)

c:/program files (x86)/gnu tools arm embedded/5.2 2015q4/bin/../lib/gcc/arm-none-eabi/5.2.1/../../../../arm-none-eabi/lib/armv7-m\libg.a(lib_a-sprintf.o)
                              ..\obj\main.o (sprintf)
c:/program files (x86)/gnu tools arm embedded/5.2 2015q4/bin/../lib/gcc/arm-none-eabi/5.2.1/../../../../arm-none-eabi/lib/armv7-m\libg.a(lib_a-svfprintf.o)
                              c:/program files (x86)/gnu tools arm embedded/5.2 2015q4/bin/../lib/gcc/arm-none-eabi/5.2.1/../../../../arm-none-eabi/lib/armv7-m\libg.a(lib_a-sprintf.o) (_svfprintf_r)
c:/program files (x86)/gnu tools arm embedded/5.2 2015q4/bin/../lib/gcc/arm-none-eabi/5.2.1/../../../../arm-none-eabi/lib/armv7-m\libg.a(lib_a-dtoa.o)
                              c:/program files (x86)/gnu tools arm embedded/5.2 2015q4/bin/../lib/gcc/arm-none-eabi/5.2.1/../../../../arm-none-eabi/lib/armv7-m\libg.a(lib_a-svfprintf.o) (_dtoa_r)
c:/program files (x86)/gnu tools arm embedded/5.2 2015q4/bin/../lib/gcc/arm-none-eabi/5.2.1/../../../../arm-none-eabi/lib/armv7-m\libg.a(lib_a-impure.o)
                              c:/program files (x86)/gnu tools arm embedded/5.2 2015q4/bin/../lib/gcc/arm-none-eabi/5.2.1/../../../../arm-none-eabi/lib/armv7-m\libg.a(lib_a-sprintf.o) (_impure_ptr)
c:/program files (x86)/gnu tools arm embedded/5.2 2015q4/bin/../lib/gcc/arm-none-eabi/5.2.1/../../../../arm-none-eabi/lib/armv7-m\libg.a(lib_a-locale.o)
                              c:/program files (x86)/gnu tools arm embedded/5.2 2015q4/bin/../lib/gcc/arm-none-eabi/5.2.1/../../../../arm-none-eabi/lib/armv7-m\libg.a(lib_a-svfprintf.o) (_localeconv_r)
c:/program files (x86)/gnu tools arm embedded/5.2 2015q4/bin/../lib/gcc/arm-none-eabi/5.2.1/../../../../arm-none-eabi/lib/armv7-m\libg.a(lib_a-mallocr.o)
                              c:/program files (x86)/gnu tools arm embedded/5.2 2015q4/bin/../lib/gcc/arm-none-eabi/5.2.1/../../../../arm-none-eabi/lib/armv7-m\libg.a(lib_a-svfprintf.o) (_malloc_r)
c:/program files (x86)/gnu tools arm embedded/5.2 2015q4/bin/../lib/gcc/arm-none-eabi/5.2.1/../../../../arm-none-eabi/lib/armv7-m\libg.a(lib_a-memchr-stub.o)
                              c:/program files (x86)/gnu tools arm embedded/5.2 2015q4/bin/../lib/gcc/arm-none-eabi/5.2.1/../../../../arm-none-eabi/lib/armv7-m\libg.a(lib_a-svfprintf.o) (memchr)
c:/program files (x86)/gnu tools arm embedded/5.2 2015q4/bin/../lib/gcc/arm-none-eabi/5.2.1/../../../../arm-none-eabi/lib/armv7-m\libg.a(lib_a-memcpy.o)
                              c:/program files (x86)/gnu tools arm embedded/5.2 2015q4/bin/../lib/gcc/arm-none-eabi/5.2.1/../../../../arm-none-eabi/lib/armv7-m\libg.a(lib_a-dtoa.o) (memcpy)
c:/program files (x86)/gnu tools arm embedded/5.2 2015q4/bin/../lib/gcc/arm-none-eabi/5.2.1/../../../../arm-none-eabi/lib/armv7-m\libg.a(lib_a-mlock.o)
                              c:/program files (x86)/gnu tools arm embedded/5.2 2015q4/bin/../lib/gcc/arm-none-eabi/5.2.1/../../../../arm-none-eabi/lib/armv7-m\libg.a(lib_a-mallocr.o) (__malloc_lock)
c:/program files (x86)/gnu tools arm embedded/5.2 2015q4/bin/../lib/gcc/arm-none-eabi/5.2.1/../../../../arm-none-eabi/lib/armv7-m\libg.a(lib_a-mprec.o)
                              c:/program files (x86)/gnu tools arm embedded/5.2 2015q4/bin/../lib/gcc/arm-none-eabi/5.2.1/../../../../arm-none-eabi/lib/armv7-m\libg.a(lib_a-dtoa.o) (_Balloc)
c:/program files (x86)/gnu tools arm embedded/5.2 2015q4/bin/../lib/gcc/arm-none-eabi/5.2.1/../../../../arm-none-eabi/lib/armv7-m\libg.a(lib_a-s_fpclassify.o)
                              c:/program files (x86)/gnu tools arm embedded/5.2 2015q4/bin/../lib/gcc/arm-none-eabi/5.2.1/../../../../arm-none-eabi/lib/armv7-m\libg.a(lib_a-svfprintf.o) (__fpclassifyd)
c:/program files (x86)/gnu tools arm embedded/5.2 2015q4/bin/../lib/gcc/arm-none-eabi/5.2.1/../../../../arm-none-eabi/lib/armv7-m\libg.a(lib_a-sbrkr.o)
                              c:/program files (x86)/gnu tools arm embedded/5.2 2015q4/bin/../lib/gcc/arm-none-eabi/5.2.1/../../../../arm-none-eabi/lib/armv7-m\libg.a(lib_a-mallocr.o) (_sbrk_r)
c:/program files (x86)/gnu tools arm embedded/5.2 2015q4/bin/../lib/gcc/arm-none-eabi/5.2.1/../../../../arm-none-eabi/lib/armv7-m\libg.a(lib_a-strcmp.o)
                              c:/program files (x86)/gnu tools arm embedded/5.2 2015q4/bin/../lib/gcc/arm-none-eabi/5.2.1/../../../../arm-none-eabi/lib/armv7-m\libg.a(lib_a-locale.o) (strcmp)
c:/program files (x86)/gnu tools arm embedded/5.2 2015q4/bin/../lib/gcc/arm-none-eabi/5.2.1/../../../../arm-none-eabi/lib/armv7-m\libg.a(lib_a-strlen-stub.o)
                              c:/program files (x86)/gnu tools arm embedded/5.2 2015q4/bin/../lib/gcc/arm-none-eabi/5.2.1/../../../../arm-none-eabi/lib/armv7-m\libg.a(lib_a-svfprintf.o) (strlen)
c:/program files (x86)/gnu tools arm embedded/5.2 2015q4/bin/../lib/gcc/arm-none-eabi/5.2.1/../../../../arm-none-eabi/lib/armv7-m\libg.a(lib_a-svfiprintf.o)
[...]
Memory Configuration

Name             Origin             Length             Attributes
rom              0x08000000         0x00010000         xr
ram              0x20000000         0x00005000         xrw
*default*        0x00000000         0xffffffff

Linker script and memory map

                0x20005000                _eram = 0x20005000

.text           0x08000000     0x74b0
 *(.isr_vector)
 .isr_vector    0x08000000      0x10c ..\obj\startup_stm32f10x_md.o
                0x08000000                g_pfnVectors
 *(.text*)
 .text.NVIC_SetPriority
                0x0800010c       0x54 ..\obj\delay.o
 .text.SysTick_Config
                0x08000160       0x44 ..\obj\delay.o
 .text.SysTick_Handler
                0x080001a4       0x1c ..\obj\delay.o
                0x080001a4                SysTick_Handler
 .text.delay    0x080001c0       0x40 ..\obj\delay.o
                0x080001c0                delay
 .text.delay_ms
                0x08000200       0x2c ..\obj\delay.o
                0x08000200                delay_ms
 .text.TIM_TimeBaseInit
                0x0800022c       0xf8 ..\obj\stm32f10x_tim.o
                0x0800022c                TIM_TimeBaseInit
 .text.TIM_Cmd  0x08000324       0x40 ..\obj\stm32f10x_tim.o
                0x08000324                TIM_Cmd
 .text.TIM_EncoderInterfaceConfig
                0x08000364       0x98 ..\obj\stm32f10x_tim.o
                0x08000364                TIM_EncoderInterfaceConfig
 .text.LCD_pinsInit
                0x080003fc       0xa4 ..\obj\core.o
 .text.LCD_reset
                0x080004a0       0x28 ..\obj\core.o
                0x080004a0                LCD_reset
 .text.LCD_exitStandby
                0x080004c8       0x1c ..\obj\core.o
                0x080004c8                LCD_exitStandby
 .text.LCD_configure
                0x080004e4       0x68 ..\obj\core.o
 .text.LCD_init
                0x0800054c       0x28 ..\obj\core.o
                0x0800054c                LCD_init
 .text.LCD_setOrientation
                0x08000574       0x68 ..\obj\core.o
                0x08000574                LCD_setOrientation
 .text.LCD_setAddressWindow
                0x080005dc       0x80 ..\obj\core.o
                0x080005dc                LCD_setAddressWindow
 .text.LCD_getWidth
                0x0800065c       0x14 ..\obj\core.o
                0x0800065c                LCD_getWidth
 .text.LCD_getHeight
                0x08000670       0x14 ..\obj\core.o
                0x08000670                LCD_getHeight
 .text.LCD_setSpi8
                0x08000684       0x40 ..\obj\core.o
                0x08000684                LCD_setSpi8
 .text.LCD_setSpi16
                0x080006c4       0x40 ..\obj\core.o
                0x080006c4                LCD_setSpi16
 .text.TIM2_IRQHandler
                0x08000704       0x38 ..\obj\fps_counter.o
                0x08000704                TIM2_IRQHandler
 .text.TEST_fillPrimitives
                0x0800073c      0x16c ..\obj\primitives.o
                0x0800073c                TEST_fillPrimitives
 .text.SystemInit
                0x080008a8       0x68 ..\obj\system_stm32f10x.o
                0x080008a8                SystemInit
 .text.SetSysClock
                0x08000910        0xc ..\obj\system_stm32f10x.o
 .text.SetSysClockTo72
                0x0800091c      0x100 ..\obj\system_stm32f10x.o
 .text.Default_Reset_Handler
                0x08000a1c       0x60 ..\obj\startup_stm32f10x_md.o
                0x08000a1c                Default_Reset_Handler
                0x08000a1c                Reset_Handler
 .text.Default_Handler
                0x08000a7c        0x8 ..\obj\startup_stm32f10x_md.o
                0x08000a7c                EXTI2_IRQHandler
                0x08000a7c                DebugMon_Handler
                0x08000a7c                TIM1_CC_IRQHandler
                0x08000a7c                HardFault_Handler
                0x08000a7c                PVD_IRQHandler
                0x08000a7c                PendSV_Handler
                0x08000a7c                NMI_Handler
                0x08000a7c                EXTI3_IRQHandler
                0x08000a7c                EXTI0_IRQHandler
                0x08000a7c                I2C2_EV_IRQHandler
                0x08000a7c                UsageFault_Handler
                0x08000a7c                ADC1_2_IRQHandler
                0x08000a7c                SPI1_IRQHandler
                0x08000a7c                TAMPER_IRQHandler
                0x08000a7c                DMA1_Channel4_IRQHandler
                0x08000a7c                USART3_IRQHandler
                0x08000a7c                RTC_IRQHandler
                0x08000a7c                DMA1_Channel7_IRQHandler
                0x08000a7c                CAN1_RX1_IRQHandler
                0x08000a7c                TIM4_IRQHandler
                0x08000a7c                I2C1_EV_IRQHandler
                0x08000a7c                DMA1_Channel6_IRQHandler
                0x08000a7c                TIM3_IRQHandler
                0x08000a7c                RCC_IRQHandler
                0x08000a7c                TIM1_TRG_COM_IRQHandler
                0x08000a7c                DMA1_Channel1_IRQHandler
                0x08000a7c                EXTI15_10_IRQHandler
                0x08000a7c                EXTI9_5_IRQHandler
                0x08000a7c                SPI2_IRQHandler
                0x08000a7c                MemManage_Handler
                0x08000a7c                SVC_Handler
                0x08000a7c                DMA1_Channel5_IRQHandler
                0x08000a7c                EXTI4_IRQHandler
                0x08000a7c                USB_LP_CAN1_RX0_IRQHandler
                0x08000a7c                USB_HP_CAN1_TX_IRQHandler
                0x08000a7c                TIM1_UP_IRQHandler
                0x08000a7c                WWDG_IRQHandler
                0x08000a7c                TIM1_BRK_IRQHandler
                0x08000a7c                EXTI1_IRQHandler
                0x08000a7c                RTCAlarm_IRQHandler
                0x08000a7c                USART2_IRQHandler
                0x08000a7c                I2C2_ER_IRQHandler
                0x08000a7c                CAN1_SCE_IRQHandler
                0x08000a7c                FLASH_IRQHandler
                0x08000a7c                BusFault_Handler
                0x08000a7c                USART1_IRQHandler
                0x08000a7c                I2C1_ER_IRQHandler
                0x08000a7c                USBWakeUp_IRQHandler
 .text.GPIO_Init
                0x08000a84      0x178 ..\obj\stm32f10x_gpio.o
                0x08000a84                GPIO_Init
 .text.GPIO_SetBits
                0x08000bfc       0x1c ..\obj\stm32f10x_gpio.o
                0x08000bfc                GPIO_SetBits
 .text.GPIO_ResetBits
                0x08000c18       0x1c ..\obj\stm32f10x_gpio.o
                0x08000c18                GPIO_ResetBits
 .text.main     0x08000c34       0xa4 ..\obj\main.o
                0x08000c34                main
 .text.RCC_PCLK2Config
                0x08000cd8       0x38 ..\obj\stm32f10x_rcc.o
                0x08000cd8                RCC_PCLK2Config
 .text.RCC_GetClocksFreq
                0x08000d10      0x160 ..\obj\stm32f10x_rcc.o
                0x08000d10                RCC_GetClocksFreq
 .text.RCC_AHBPeriphClockCmd
                0x08000e70       0x3c ..\obj\stm32f10x_rcc.o
                0x08000e70                RCC_AHBPeriphClockCmd
 .text.RCC_APB2PeriphClockCmd
                0x08000eac       0x3c ..\obj\stm32f10x_rcc.o
                0x08000eac                RCC_APB2PeriphClockCmd
 .text.RCC_APB1PeriphClockCmd
                0x08000ee8       0x3c ..\obj\stm32f10x_rcc.o
                0x08000ee8                RCC_APB1PeriphClockCmd
 .text.RCC_APB2PeriphResetCmd
                0x08000f24       0x3c ..\obj\stm32f10x_rcc.o
                0x08000f24                RCC_APB2PeriphResetCmd
 .text.RCC_APB1PeriphResetCmd
                0x08000f60       0x3c ..\obj\stm32f10x_rcc.o
                0x08000f60                RCC_APB1PeriphResetCmd
 .text.ENC_getValue
                0x08000f9c       0x1c ..\obj\encoder.o
                0x08000f9c                ENC_getValue
 .text.ENC_init
                0x08000fb8       0x6c ..\obj\encoder.o
                0x08000fb8                ENC_init
 .text.LCD_fillRect
                0x08001024       0x6c ..\obj\graph.o
                0x08001024                LCD_fillRect
 .text.LCD_fillScreen
                0x08001090       0x34 ..\obj\graph.o
                0x08001090                LCD_fillScreen
 .text.LCD_drawFastHLine
                0x080010c4       0x48 ..\obj\graph.o
                0x080010c4                LCD_drawFastHLine
 .text.LCD_putPixel
                0x0800110c       0x40 ..\obj\graph.o
                0x0800110c                LCD_putPixel
 .text.LCD_putPixelCont
                0x0800114c       0x38 ..\obj\graph.o
 .text.LCD_drawFastVLine
                0x08001184       0x4c ..\obj\graph.o
                0x08001184                LCD_drawFastVLine
 .text.LCD_drawCircle
                0x080011d0      0x1b8 ..\obj\graph.o
                0x080011d0                LCD_drawCircle
 .text.LCD_fillCircleHelper
                0x08001388      0x15c ..\obj\graph.o
                0x08001388                LCD_fillCircleHelper
 .text.LCD_fillCircle
                0x080014e4       0x54 ..\obj\graph.o
                0x080014e4                LCD_fillCircle
 .text.LCD_drawLine
                0x08001538      0x17c ..\obj\graph.o
                0x08001538                LCD_drawLine
 .text.LCD_drawRect
                0x080016b4       0xa0 ..\obj\graph.o
                0x080016b4                LCD_drawRect
 .text.USART_DeInit
                0x08001754       0xb8 ..\obj\stm32f10x_usart.o
                0x08001754                USART_DeInit
 .text.USART_Init
                0x0800180c      0x178 ..\obj\stm32f10x_usart.o
                0x0800180c                USART_Init
 .text.USART_Cmd
                0x08001984       0x40 ..\obj\stm32f10x_usart.o
                0x08001984                USART_Cmd
 .text.USART_SendData
                0x080019c4       0x24 ..\obj\stm32f10x_usart.o
                0x080019c4                USART_SendData
 .text.USART_GetFlagStatus
                0x080019e8       0x38 ..\obj\stm32f10x_usart.o
                0x080019e8                USART_GetFlagStatus
 .text.LCD_setTextSize
                0x08001a20       0x20 ..\obj\text.o
                0x08001a20                LCD_setTextSize
 .text.LCD_setTextBgColor
                0x08001a40       0x20 ..\obj\text.o
                0x08001a40                LCD_setTextBgColor
 .text._sbrk    0x08001a60       0x3c ..\obj\syscalls.o
                0x08001a60                _sbrk
 .text.DMA_Init
                0x08001a9c       0x7c ..\obj\stm32f10x_dma.o
                0x08001a9c                DMA_Init
 .text.DMA_StructInit
                0x08001b18       0x54 ..\obj\stm32f10x_dma.o
                0x08001b18                DMA_StructInit
 .text.DMA_Cmd  0x08001b6c       0x38 ..\obj\stm32f10x_dma.o
                0x08001b6c                DMA_Cmd
 .text.DMA_ITConfig
                0x08001ba4       0x3c ..\obj\stm32f10x_dma.o
                0x08001ba4                DMA_ITConfig
 .text.DMA_GetITStatus
                0x08001be0       0x50 ..\obj\stm32f10x_dma.o
                0x08001be0                DMA_GetITStatus
 .text.DMA_ClearITPendingBit
                0x08001c30       0x34 ..\obj\stm32f10x_dma.o
                0x08001c30                DMA_ClearITPendingBit
 .text.itoa     0x08001c64       0xd8 ..\obj\itoa.o
                0x08001c64                itoa
 .text.SPI_Init
                0x08001d3c       0x88 ..\obj\stm32f10x_spi.o
                0x08001d3c                SPI_Init
 .text.SPI_StructInit
                0x08001dc4       0x48 ..\obj\stm32f10x_spi.o
                0x08001dc4                SPI_StructInit
 .text.SPI_Cmd  0x08001e0c       0x40 ..\obj\stm32f10x_spi.o
                0x08001e0c                SPI_Cmd
 .text.SPI_I2S_DMACmd
                0x08001e4c       0x48 ..\obj\stm32f10x_spi.o
                0x08001e4c                SPI_I2S_DMACmd
 .text.SPI_I2S_GetFlagStatus
                0x08001e94       0x38 ..\obj\stm32f10x_spi.o
                0x08001e94                SPI_I2S_GetFlagStatus
 .text.NVIC_EnableIRQ
                0x08001ecc       0x30 ..\obj\dma.o
 .text.dmaInit  0x08001efc       0x50 ..\obj\dma.o
                0x08001efc                dmaInit
 .text.dmaSend8
                0x08001f4c       0x6c ..\obj\dma.o
 .text.dmaSendCircular16
                0x08001fb8       0x70 ..\obj\dma.o
 .text.dmaSend16
                0x08002028       0x70 ..\obj\dma.o
 .text.dmaSendCmd
                0x08002098       0x4c ..\obj\dma.o
                0x08002098                dmaSendCmd
 .text.dmaSendCmdCont
                0x080020e4       0x3c ..\obj\dma.o
                0x080020e4                dmaSendCmdCont
 .text.dmaSendDataCont8
                0x08002120       0x3c ..\obj\dma.o
                0x08002120                dmaSendDataCont8
 .text.dmaSendDataCont16
                0x0800215c       0x3c ..\obj\dma.o
                0x0800215c                dmaSendDataCont16
 .text.dmaSendDataCircular16
                0x08002198       0x3c ..\obj\dma.o
                0x08002198                dmaSendDataCircular16
 .text.dmaFill16
                0x080021d4       0x60 ..\obj\dma.o
                0x080021d4                dmaFill16
 .text.DMA1_Channel2_IRQHandler
                0x08002234       0x28 ..\obj\dma.o
                0x08002234                DMA1_Channel2_IRQHandler
 .text.DMA1_Channel3_IRQHandler
                0x0800225c       0x2c ..\obj\dma.o
                0x0800225c                DMA1_Channel3_IRQHandler
 .text.usartInit
                0x08002288       0x94 ..\obj\usart.o
                0x08002288                usartInit
 .text.usartWrite
                0x0800231c       0x34 ..\obj\usart.o
                0x0800231c                usartWrite
 .text.usartPrint
                0x08002350       0x38 ..\obj\usart.o
                0x08002350                usartPrint
 .text.usartPrintLn
                0x08002388       0x20 ..\obj\usart.o
                0x08002388                usartPrintLn
 .text.sprintf  0x080023a8       0x4c c:/program files (x86)/gnu tools arm embedded/5.2 2015q4/bin/../lib/gcc/arm-none-eabi/5.2.1/../../../../arm-none-eabi/lib/armv7-m\libg.a(lib_a-sprintf.o)
                0x080023a8                sprintf
 .text._svfprintf_r
                0x080023f4     0x1718 c:/program files (x86)/gnu tools arm embedded/5.2 2015q4/bin/../lib/gcc/arm-none-eabi/5.2.1/../../../../arm-none-eabi/lib/armv7-m\libg.a(lib_a-svfprintf.o)
                0x080023f4                _svfprintf_r
 .text.quorem   0x08003b0c      0x12c c:/program files (x86)/gnu tools arm embedded/5.2 2015q4/bin/../lib/gcc/arm-none-eabi/5.2.1/../../../../arm-none-eabi/lib/armv7-m\libg.a(lib_a-dtoa.o)
 .text._dtoa_r  0x08003c38      0xe4c c:/program files (x86)/gnu tools arm embedded/5.2 2015q4/bin/../lib/gcc/arm-none-eabi/5.2.1/../../../../arm-none-eabi/lib/armv7-m\libg.a(lib_a-dtoa.o)
                0x08003c38                _dtoa_r
 .text._localeconv_r
                0x08004a84        0x8 c:/program files (x86)/gnu tools arm embedded/5.2 2015q4/bin/../lib/gcc/arm-none-eabi/5.2.1/../../../../arm-none-eabi/lib/armv7-m\libg.a(lib_a-locale.o)
                0x08004a84                _localeconv_r
 .text._malloc_r
                0x08004a8c      0x558 c:/program files (x86)/gnu tools arm embedded/5.2 2015q4/bin/../lib/gcc/arm-none-eabi/5.2.1/../../../../arm-none-eabi/lib/armv7-m\libg.a(lib_a-mallocr.o)
                0x08004a8c                _malloc_r
 .text.memchr   0x08004fe4       0x8c c:/program files (x86)/gnu tools arm embedded/5.2 2015q4/bin/../lib/gcc/arm-none-eabi/5.2.1/../../../../arm-none-eabi/lib/armv7-m\libg.a(lib_a-memchr-stub.o)
                0x08004fe4                memchr
 .text          0x08005070       0xec c:/program files (x86)/gnu tools arm embedded/5.2 2015q4/bin/../lib/gcc/arm-none-eabi/5.2.1/../../../../arm-none-eabi/lib/armv7-m\libg.a(lib_a-memcpy.o)
                0x08005070                memcpy
 .text.__malloc_lock
                0x0800515c        0x4 c:/program files (x86)/gnu tools arm embedded/5.2 2015q4/bin/../lib/gcc/arm-none-eabi/5.2.1/../../../../arm-none-eabi/lib/armv7-m\libg.a(lib_a-mlock.o)
                0x0800515c                __malloc_lock
 .text.__malloc_unlock
                0x08005160        0x4 c:/program files (x86)/gnu tools arm embedded/5.2 2015q4/bin/../lib/gcc/arm-none-eabi/5.2.1/../../../../arm-none-eabi/lib/armv7-m\libg.a(lib_a-mlock.o)
                0x08005160                __malloc_unlock
 .text._Balloc  0x08005164       0x50 c:/program files (x86)/gnu tools arm embedded/5.2 2015q4/bin/../lib/gcc/arm-none-eabi/5.2.1/../../../../arm-none-eabi/lib/armv7-m\libg.a(lib_a-mprec.o)
                0x08005164                _Balloc
 .text._Bfree   0x080051b4       0x14 c:/program files (x86)/gnu tools arm embedded/5.2 2015q4/bin/../lib/gcc/arm-none-eabi/5.2.1/../../../../arm-none-eabi/lib/armv7-m\libg.a(lib_a-mprec.o)
                0x080051b4                _Bfree
 .text.__multadd
                0x080051c8       0x80 c:/program files (x86)/gnu tools arm embedded/5.2 2015q4/bin/../lib/gcc/arm-none-eabi/5.2.1/../../../../arm-none-eabi/lib/armv7-m\libg.a(lib_a-mprec.o)
                0x080051c8                __multadd
 .text.__hi0bits
                0x08005248       0x40 c:/program files (x86)/gnu tools arm embedded/5.2 2015q4/bin/../lib/gcc/arm-none-eabi/5.2.1/../../../../arm-none-eabi/lib/armv7-m\libg.a(lib_a-mprec.o)
                0x08005248                __hi0bits
 .text.__lo0bits
                0x08005288       0x5c c:/program files (x86)/gnu tools arm embedded/5.2 2015q4/bin/../lib/gcc/arm-none-eabi/5.2.1/../../../../arm-none-eabi/lib/armv7-m\libg.a(lib_a-mprec.o)
                0x08005288                __lo0bits
 .text.__i2b    0x080052e4       0x14 c:/program files (x86)/gnu tools arm embedded/5.2 2015q4/bin/../lib/gcc/arm-none-eabi/5.2.1/../../../../arm-none-eabi/lib/armv7-m\libg.a(lib_a-mprec.o)
                0x080052e4                __i2b
 .text.__multiply
                0x080052f8      0x13c c:/program files (x86)/gnu tools arm embedded/5.2 2015q4/bin/../lib/gcc/arm-none-eabi/5.2.1/../../../../arm-none-eabi/lib/armv7-m\libg.a(lib_a-mprec.o)
                0x080052f8                __multiply
 .text.__pow5mult
                0x08005434       0xa0 c:/program files (x86)/gnu tools arm embedded/5.2 2015q4/bin/../lib/gcc/arm-none-eabi/5.2.1/../../../../arm-none-eabi/lib/armv7-m\libg.a(lib_a-mprec.o)
                0x08005434                __pow5mult
 .text.__lshift
                0x080054d4       0xac c:/program files (x86)/gnu tools arm embedded/5.2 2015q4/bin/../lib/gcc/arm-none-eabi/5.2.1/../../../../arm-none-eabi/lib/armv7-m\libg.a(lib_a-mprec.o)
                0x080054d4                __lshift
 .text.__mcmp   0x08005580       0x40 c:/program files (x86)/gnu tools arm embedded/5.2 2015q4/bin/../lib/gcc/arm-none-eabi/5.2.1/../../../../arm-none-eabi/lib/armv7-m\libg.a(lib_a-mprec.o)
                0x08005580                __mcmp
 .text.__mdiff  0x080055c0      0x128 c:/program files (x86)/gnu tools arm embedded/5.2 2015q4/bin/../lib/gcc/arm-none-eabi/5.2.1/../../../../arm-none-eabi/lib/armv7-m\libg.a(lib_a-mprec.o)
                0x080055c0                __mdiff
 .text.__d2b    0x080056e8       0xa8 c:/program files (x86)/gnu tools arm embedded/5.2 2015q4/bin/../lib/gcc/arm-none-eabi/5.2.1/../../../../arm-none-eabi/lib/armv7-m\libg.a(lib_a-mprec.o)
                0x080056e8                __d2b
 .text.__fpclassifyd
                0x08005790       0x54 c:/program files (x86)/gnu tools arm embedded/5.2 2015q4/bin/../lib/gcc/arm-none-eabi/5.2.1/../../../../arm-none-eabi/lib/armv7-m\libg.a(lib_a-s_fpclassify.o)
                0x08005790                __fpclassifyd
 .text._sbrk_r  0x080057e4       0x24 c:/program files (x86)/gnu tools arm embedded/5.2 2015q4/bin/../lib/gcc/arm-none-eabi/5.2.1/../../../../arm-none-eabi/lib/armv7-m\libg.a(lib_a-sbrkr.o)
                0x080057e4                _sbrk_r
 .text.strlen   0x08005808       0x5c c:/program files (x86)/gnu tools arm embedded/5.2 2015q4/bin/../lib/gcc/arm-none-eabi/5.2.1/../../../../arm-none-eabi/lib/armv7-m\libg.a(lib_a-strlen-stub.o)
                0x08005808                strlen
 .text.__ssprint_r
                0x08005864      0x100 c:/program files (x86)/gnu tools arm embedded/5.2 2015q4/bin/../lib/gcc/arm-none-eabi/5.2.1/../../../../arm-none-eabi/lib/armv7-m\libg.a(lib_a-svfiprintf.o)
                0x08005864                __ssprint_r
 .text._calloc_r
                0x08005964       0x60 c:/program files (x86)/gnu tools arm embedded/5.2 2015q4/bin/../lib/gcc/arm-none-eabi/5.2.1/../../../../arm-none-eabi/lib/armv7-m\libg.a(lib_a-callocr.o)
                0x08005964                _calloc_r
 .text._malloc_trim_r
                0x080059c4       0x9c c:/program files (x86)/gnu tools arm embedded/5.2 2015q4/bin/../lib/gcc/arm-none-eabi/5.2.1/../../../../arm-none-eabi/lib/armv7-m\libg.a(lib_a-freer.o)
                0x080059c4                _malloc_trim_r
 .text._free_r  0x08005a60      0x1d0 c:/program files (x86)/gnu tools arm embedded/5.2 2015q4/bin/../lib/gcc/arm-none-eabi/5.2.1/../../../../arm-none-eabi/lib/armv7-m\libg.a(lib_a-freer.o)
                0x08005a60                _free_r
 .text.memmove  0x08005c30       0xc8 c:/program files (x86)/gnu tools arm embedded/5.2 2015q4/bin/../lib/gcc/arm-none-eabi/5.2.1/../../../../arm-none-eabi/lib/armv7-m\libg.a(lib_a-memmove.o)
                0x08005c30                memmove
 .text.memset   0x08005cf8       0x9c c:/program files (x86)/gnu tools arm embedded/5.2 2015q4/bin/../lib/gcc/arm-none-eabi/5.2.1/../../../../arm-none-eabi/lib/armv7-m\libg.a(lib_a-memset.o)
                0x08005cf8                memset
 .text._realloc_r
                0x08005d94      0x3d4 c:/program files (x86)/gnu tools arm embedded/5.2 2015q4/bin/../lib/gcc/arm-none-eabi/5.2.1/../../../../arm-none-eabi/lib/armv7-m\libg.a(lib_a-reallocr.o)
                0x08005d94                _realloc_r
 .text          0x08006168      0x370 c:/program files (x86)/gnu tools arm embedded/5.2 2015q4/bin/../lib/gcc/arm-none-eabi/5.2.1/armv7-m\libgcc.a(_arm_addsubdf3.o)
                0x08006168                __aeabi_drsub
                0x08006170                __aeabi_dsub
                0x08006170                __subdf3
                0x08006174                __aeabi_dadd
                0x08006174                __adddf3
                0x080063ec                __floatunsidf
                0x080063ec                __aeabi_ui2d
                0x0800640c                __floatsidf
                0x0800640c                __aeabi_i2d
                0x08006430                __aeabi_f2d
                0x08006430                __extendsfdf2
                0x0800646c                __floatundidf
                0x0800646c                __aeabi_ul2d
                0x0800647c                __floatdidf
                0x0800647c                __aeabi_l2d
 .text          0x080064d8      0x424 c:/program files (x86)/gnu tools arm embedded/5.2 2015q4/bin/../lib/gcc/arm-none-eabi/5.2.1/armv7-m\libgcc.a(_arm_muldivdf3.o)
                0x080064d8                __aeabi_dmul
                0x080064d8                __muldf3
                0x0800672c                __divdf3
                0x0800672c                __aeabi_ddiv
 .text          0x080068fc      0x110 c:/program files (x86)/gnu tools arm embedded/5.2 2015q4/bin/../lib/gcc/arm-none-eabi/5.2.1/armv7-m\libgcc.a(_arm_cmpdf2.o)
                0x080068fc                __gtdf2
                0x080068fc                __gedf2
                0x08006904                __ltdf2
                0x08006904                __ledf2
                0x0800690c                __nedf2
                0x0800690c                __eqdf2
                0x0800690c                __cmpdf2
                0x08006988                __aeabi_cdrcmple
                0x08006998                __aeabi_cdcmpeq
                0x08006998                __aeabi_cdcmple
                0x080069a8                __aeabi_dcmpeq
                0x080069bc                __aeabi_dcmplt
                0x080069d0                __aeabi_dcmple
                0x080069e4                __aeabi_dcmpge
                0x080069f8                __aeabi_dcmpgt
 .text          0x08006a0c       0x50 c:/program files (x86)/gnu tools arm embedded/5.2 2015q4/bin/../lib/gcc/arm-none-eabi/5.2.1/armv7-m\libgcc.a(_arm_fixdfsi.o)
                0x08006a0c                __aeabi_d2iz
                0x08006a0c                __fixdfsi
 .text          0x08006a5c       0x30 c:/program files (x86)/gnu tools arm embedded/5.2 2015q4/bin/../lib/gcc/arm-none-eabi/5.2.1/armv7-m\libgcc.a(_aeabi_uldivmod.o)
                0x08006a5c                __aeabi_uldivmod
 .text          0x08006a8c      0x2ec c:/program files (x86)/gnu tools arm embedded/5.2 2015q4/bin/../lib/gcc/arm-none-eabi/5.2.1/armv7-m\libgcc.a(_udivmoddi4.o)
                0x08006a8c                __udivmoddi4
 .text          0x08006d78        0x4 c:/program files (x86)/gnu tools arm embedded/5.2 2015q4/bin/../lib/gcc/arm-none-eabi/5.2.1/armv7-m\libgcc.a(_dvmd_tls.o)
                0x08006d78                __aeabi_idiv0
                0x08006d78                __aeabi_ldiv0
 *(.init)
 *(.fini)
 *crtbegin.o(.ctors)
 *crtbegin?.o(.ctors)
 *(EXCLUDE_FILE(*crtend.o *crtend?.o) .ctors)
 *(SORT(.ctors.*))
 *(.ctors)
 *crtbegin.o(.dtors)
 *crtbegin?.o(.dtors)
 *(EXCLUDE_FILE(*crtend.o *crtend?.o) .dtors)
 *(SORT(.dtors.*))
 *(.dtors)
 *(.rodata*)
 .rodata        0x08006d7c       0x63 ..\obj\core.o
 *fill*         0x08006ddf        0x1 
 .rodata        0x08006de0      0x54c ..\obj\main.o
 .rodata        0x0800732c        0x3 ..\obj\usart.o
 *fill*         0x0800732f        0x1 
 .rodata.blanks.7007
                0x08007330       0x10 c:/program files (x86)/gnu tools arm embedded/5.2 2015q4/bin/../lib/gcc/arm-none-eabi/5.2.1/../../../../arm-none-eabi/lib/armv7-m\libg.a(lib_a-svfprintf.o)
 .rodata.str1.4
                0x08007340       0x42 c:/program files (x86)/gnu tools arm embedded/5.2 2015q4/bin/../lib/gcc/arm-none-eabi/5.2.1/../../../../arm-none-eabi/lib/armv7-m\libg.a(lib_a-svfprintf.o)
 *fill*         0x08007382        0x2 
 .rodata.zeroes.7008
                0x08007384       0x10 c:/program files (x86)/gnu tools arm embedded/5.2 2015q4/bin/../lib/gcc/arm-none-eabi/5.2.1/../../../../arm-none-eabi/lib/armv7-m\libg.a(lib_a-svfprintf.o)
 .rodata.str1.4
                0x08007394       0x10 c:/program files (x86)/gnu tools arm embedded/5.2 2015q4/bin/../lib/gcc/arm-none-eabi/5.2.1/../../../../arm-none-eabi/lib/armv7-m\libg.a(lib_a-dtoa.o)
                                 0x12 (size before relaxing)
 .rodata.str1.4
                0x080073a4        0x2 c:/program files (x86)/gnu tools arm embedded/5.2 2015q4/bin/../lib/gcc/arm-none-eabi/5.2.1/../../../../arm-none-eabi/lib/armv7-m\libg.a(lib_a-impure.o)
 *fill*         0x080073a6        0x2 
 .rodata.str1.4
                0x080073a8        0xc c:/program files (x86)/gnu tools arm embedded/5.2 2015q4/bin/../lib/gcc/arm-none-eabi/5.2.1/../../../../arm-none-eabi/lib/armv7-m\libg.a(lib_a-locale.o)
                                 0x12 (size before relaxing)
 .rodata.p05.5402
                0x080073b4        0xc c:/program files (x86)/gnu tools arm embedded/5.2 2015q4/bin/../lib/gcc/arm-none-eabi/5.2.1/../../../../arm-none-eabi/lib/armv7-m\libg.a(lib_a-mprec.o)
 .rodata.__mprec_tens
                0x080073c0       0xc8 c:/program files (x86)/gnu tools arm embedded/5.2 2015q4/bin/../lib/gcc/arm-none-eabi/5.2.1/../../../../arm-none-eabi/lib/armv7-m\libg.a(lib_a-mprec.o)
                0x080073c0                __mprec_tens
 .rodata.__mprec_bigtens
                0x08007488       0x28 c:/program files (x86)/gnu tools arm embedded/5.2 2015q4/bin/../lib/gcc/arm-none-eabi/5.2.1/../../../../arm-none-eabi/lib/armv7-m\libg.a(lib_a-mprec.o)
                0x08007488                __mprec_bigtens
 *(.eh_fram e*)

.glue_7         0x080074b0        0x0
 .glue_7        0x080074b0        0x0 linker stubs

.glue_7t        0x080074b0        0x0
 .glue_7t       0x080074b0        0x0 linker stubs

.vfp11_veneer   0x080074b0        0x0
 .vfp11_veneer  0x080074b0        0x0 linker stubs

.v4_bx          0x080074b0        0x0
 .v4_bx         0x080074b0        0x0 linker stubs

.iplt           0x080074b0        0x0
 .iplt          0x080074b0        0x0 ..\obj\delay.o

.ARM.extab
 *(.ARM.extab* .gnu.linkonce.armextab.*)
                0x080074b0                __exidx_start = .

.ARM.exidx      0x080074b0        0x8
 *(.ARM.exidx* .gnu.linkonce.armexidx.*)
 .ARM.exidx     0x080074b0        0x8 c:/program files (x86)/gnu tools arm embedded/5.2 2015q4/bin/../lib/gcc/arm-none-eabi/5.2.1/armv7-m\libgcc.a(_udivmoddi4.o)
                0x080074b8                __exidx_end = .
                0x080074b8                __etext = .
                0x080074b8                _sidata = __etext

.rel.dyn        0x080074b8        0x0
 .rel.iplt      0x080074b8        0x0 ..\obj\delay.o

.data           0x20000000      0x8ac load address 0x080074b8
                0x20000000                __data_start__ = .
                0x20000000                _sdata = __data_start__
 *(vtable)
 *(.data*)
 .data          0x20000000        0x4 ..\obj\core.o
 .data          0x20000004       0x14 ..\obj\system_stm32f10x.o
                0x20000004                SystemCoreClock
                0x20000008                AHBPrescTable
 .data          0x20000018       0x14 ..\obj\stm32f10x_rcc.o
 .data          0x2000002c        0x6 ..\obj\text.o
                0x2000002c                textSize
                0x2000002d                wrap
                0x2000002e                textColor
                0x20000030                textBgColor
 *fill*         0x20000032        0x6 
 .data.impure_data
                0x20000038      0x428 c:/program files (x86)/gnu tools arm embedded/5.2 2015q4/bin/../lib/gcc/arm-none-eabi/5.2.1/../../../../arm-none-eabi/lib/armv7-m\libg.a(lib_a-impure.o)
 .data._impure_ptr
                0x20000460        0x4 c:/program files (x86)/gnu tools arm embedded/5.2 2015q4/bin/../lib/gcc/arm-none-eabi/5.2.1/../../../../arm-none-eabi/lib/armv7-m\libg.a(lib_a-impure.o)
                0x20000460                _impure_ptr
 .data.lconv    0x20000464       0x38 c:/program files (x86)/gnu tools arm embedded/5.2 2015q4/bin/../lib/gcc/arm-none-eabi/5.2.1/../../../../arm-none-eabi/lib/armv7-m\libg.a(lib_a-locale.o)
 .data.__malloc_av_
                0x2000049c      0x408 c:/program files (x86)/gnu tools arm embedded/5.2 2015q4/bin/../lib/gcc/arm-none-eabi/5.2.1/../../../../arm-none-eabi/lib/armv7-m\libg.a(lib_a-mallocr.o)
                0x2000049c                __malloc_av_
 .data.__malloc_trim_threshold
                0x200008a4        0x4 c:/program files (x86)/gnu tools arm embedded/5.2 2015q4/bin/../lib/gcc/arm-none-eabi/5.2.1/../../../../arm-none-eabi/lib/armv7-m\libg.a(lib_a-mallocr.o)
                0x200008a4                __malloc_trim_threshold
 .data.__malloc_sbrk_base
                0x200008a8        0x4 c:/program files (x86)/gnu tools arm embedded/5.2 2015q4/bin/../lib/gcc/arm-none-eabi/5.2.1/../../../../arm-none-eabi/lib/armv7-m\libg.a(lib_a-mallocr.o)
                0x200008a8                __malloc_sbrk_base
                0x200008ac                . = ALIGN (0x4)
                [!provide]                PROVIDE (__preinit_array_start, .)
 *(.preinit_array)
                [!provide]                PROVIDE (__preinit_array_end, .)
                0x200008ac                . = ALIGN (0x4)
                [!provide]                PROVIDE (__init_array_start, .)
 *(SORT(.init_array.*))
 *(.init_array)
                [!provide]                PROVIDE (__init_array_end, .)
                0x200008ac                . = ALIGN (0x4)
                [!provide]                PROVIDE (__fini_array_start, .)
 *(SORT(.fini_array.*))
 *(.fini_array)
                [!provide]                PROVIDE (__fini_array_end, .)
 *(.jcr*)
                0x200008ac                . = ALIGN (0x4)
                0x200008ac                __data_end__ = .
                0x200008ac                _edata = __data_end__

.igot.plt       0x200008ac        0x0 load address 0x08007d64
 .igot.plt      0x200008ac        0x0 ..\obj\delay.o

.bss            0x200008ac     0x1080 load address 0x08007d64
                0x200008ac                . = ALIGN (0x4)
                0x200008ac                __bss_start__ = .
                0x200008ac                _sbss = __bss_start__
 *(.bss*)
 .bss           0x200008ac        0x4 ..\obj\delay.o
                0x200008ac                tick
 .bss           0x200008b0        0x2 ..\obj\fps_counter.o
                0x200008b0                fps
 *fill*         0x200008b2        0x2 
 .bss           0x200008b4        0x4 ..\obj\syscalls.o
 .bss.__malloc_max_total_mem
                0x200008b8        0x4 c:/program files (x86)/gnu tools arm embedded/5.2 2015q4/bin/../lib/gcc/arm-none-eabi/5.2.1/../../../../arm-none-eabi/lib/armv7-m\libg.a(lib_a-mallocr.o)
                0x200008b8                __malloc_max_total_mem
 .bss.__malloc_max_sbrked_mem
                0x200008bc        0x4 c:/program files (x86)/gnu tools arm embedded/5.2 2015q4/bin/../lib/gcc/arm-none-eabi/5.2.1/../../../../arm-none-eabi/lib/armv7-m\libg.a(lib_a-mallocr.o)
                0x200008bc                __malloc_max_sbrked_mem
 .bss.__malloc_top_pad
                0x200008c0        0x4 c:/program files (x86)/gnu tools arm embedded/5.2 2015q4/bin/../lib/gcc/arm-none-eabi/5.2.1/../../../../arm-none-eabi/lib/armv7-m\libg.a(lib_a-mallocr.o)
                0x200008c0                __malloc_top_pad
 .bss.__malloc_current_mallinfo
                0x200008c4       0x28 c:/program files (x86)/gnu tools arm embedded/5.2 2015q4/bin/../lib/gcc/arm-none-eabi/5.2.1/../../../../arm-none-eabi/lib/armv7-m\libg.a(lib_a-mallocr.o)
                0x200008c4                __malloc_current_mallinfo
 *(COMMON)
 COMMON         0x200008ec        0xf ..\obj\fps_counter.o
                0x200008ec                text
 *fill*         0x200008fb        0x1 
 COMMON         0x200008fc     0x102c ..\obj\dma.o
                0x200008fc                dmaStructure
                0x20000928                dmaBuffer
 COMMON         0x20001928        0x4 c:/program files (x86)/gnu tools arm embedded/5.2 2015q4/bin/../lib/gcc/arm-none-eabi/5.2.1/../../../../arm-none-eabi/lib/armv7-m\libg.a(lib_a-reent.o)
                0x20001928                errno
                0x2000192c                . = ALIGN (0x4)
                0x2000192c                __bss_end__ = .
                0x2000192c                _ebss = __bss_end__

.heap           0x2000192c        0x0
                0x2000192c                __end__ = .
                0x2000192c                _end = __end__
                0x2000192c                end = __end__
 *(.heap*)
                0x2000192c                __HeapLimit = .

.co_stack       0x2000192c      0x404 load address 0x08008de4
                0x20001930                . = ALIGN (0x8)
 *fill*         0x2000192c        0x4 
 *(.co_stack .co_stack.*)
 .co_stack      0x20001930      0x400 ..\obj\startup_stm32f10x_md.o
                0x20001930                pulStack
                0x20005000                __StackTop = (ORIGIN (ram) + LENGTH (ram))
                0x20004bfc                __StackLimit = (__StackTop - SIZEOF (.co_stack))
                [!provide]                PROVIDE (__stack, __StackTop)
                0x00000001                ASSERT ((__StackLimit >= __HeapLimit), region ram  overflowed with stack)
LOAD ..\obj\delay.o
LOAD ..\obj\stm32f10x_tim.o
LOAD ..\obj\core.o
LOAD ..\obj\fps_counter.o
LOAD ..\obj\primitives.o
LOAD ..\obj\system_stm32f10x.o
LOAD ..\obj\startup_stm32f10x_md.o
LOAD ..\obj\stm32f10x_gpio.o
LOAD ..\obj\main.o
LOAD ..\obj\stm32f10x_rcc.o
LOAD ..\obj\encoder.o
LOAD ..\obj\graph.o
LOAD ..\obj\stm32f10x_usart.o
LOAD ..\obj\text.o
LOAD ..\obj\syscalls.o
LOAD ..\obj\stm32f10x_dma.o
LOAD ..\obj\fill.o
LOAD ..\obj\itoa.o
LOAD ..\obj\misc.o
LOAD ..\obj\stm32f10x_spi.o
LOAD ..\obj\dma.o
LOAD ..\obj\usart.o
START GROUP
LOAD c:/program files (x86)/gnu tools arm embedded/5.2 2015q4/bin/../lib/gcc/arm-none-eabi/5.2.1/armv7-m\libgcc.a
LOAD c:/program files (x86)/gnu tools arm embedded/5.2 2015q4/bin/../lib/gcc/arm-none-eabi/5.2.1/../../../../arm-none-eabi/lib/armv7-m\libg.a
LOAD c:/program files (x86)/gnu tools arm embedded/5.2 2015q4/bin/../lib/gcc/arm-none-eabi/5.2.1/../../../../arm-none-eabi/lib/armv7-m\libc.a
END GROUP
OUTPUT(F103_LCD_IL9341.elf elf32-littlearm)

.debug_info     0x00000000     0x810e
 .debug_info    0x00000000      0x63d ..\obj\delay.o
 .debug_info    0x0000063d     0x1c60 ..\obj\stm32f10x_tim.o
 .debug_info    0x0000229d      0x567 ..\obj\core.o
 .debug_info    0x00002804      0x6cc ..\obj\fps_counter.o
 .debug_info    0x00002ed0      0x17e ..\obj\primitives.o
 .debug_info    0x0000304e      0x47d ..\obj\system_stm32f10x.o
 .debug_info    0x000034cb       0xe9 ..\obj\startup_stm32f10x_md.o
 .debug_info    0x000035b4      0x6f6 ..\obj\stm32f10x_gpio.o
 .debug_info    0x00003caa      0x1b8 ..\obj\main.o
 .debug_info    0x00003e62      0x899 ..\obj\stm32f10x_rcc.o
 .debug_info    0x000046fb      0x4d7 ..\obj\encoder.o
 .debug_info    0x00004bd2      0x727 ..\obj\graph.o
 .debug_info    0x000052f9      0x9f0 ..\obj\stm32f10x_usart.o
 .debug_info    0x00005ce9      0x3fb ..\obj\text.o
 .debug_info    0x000060e4      0x3f5 ..\obj\syscalls.o
 .debug_info    0x000064d9      0x47b ..\obj\stm32f10x_dma.o
 .debug_info    0x00006954       0xe6 ..\obj\itoa.o
 .debug_info    0x00006a3a      0x8fb ..\obj\stm32f10x_spi.o
 .debug_info    0x00007335      0x96b ..\obj\dma.o
 .debug_info    0x00007ca0      0x46e ..\obj\usart.o

.debug_abbrev   0x00000000     0x1aaf
 .debug_abbrev  0x00000000      0x1a6 ..\obj\delay.o
 .debug_abbrev  0x000001a6      0x1b2 ..\obj\stm32f10x_tim.o
 .debug_abbrev  0x00000358      0x18b ..\obj\core.o
 .debug_abbrev  0x000004e3      0x1fb ..\obj\fps_counter.o
 .debug_abbrev  0x000006de       0xb5 ..\obj\primitives.o
 .debug_abbrev  0x00000793      0x14e ..\obj\system_stm32f10x.o
 .debug_abbrev  0x000008e1       0xa7 ..\obj\startup_stm32f10x_md.o
 .debug_abbrev  0x00000988      0x1cc ..\obj\stm32f10x_gpio.o
 .debug_abbrev  0x00000b54      0x100 ..\obj\main.o
 .debug_abbrev  0x00000c54      0x1bc ..\obj\stm32f10x_rcc.o
 .debug_abbrev  0x00000e10      0x114 ..\obj\encoder.o
 .debug_abbrev  0x00000f24      0x12f ..\obj\graph.o
 .debug_abbrev  0x00001053      0x164 ..\obj\stm32f10x_usart.o
 .debug_abbrev  0x000011b7      0x136 ..\obj\text.o
 .debug_abbrev  0x000012ed       0xe5 ..\obj\syscalls.o
 .debug_abbrev  0x000013d2      0x157 ..\obj\stm32f10x_dma.o
 .debug_abbrev  0x00001529       0x9b ..\obj\itoa.o
 .debug_abbrev  0x000015c4      0x180 ..\obj\stm32f10x_spi.o
 .debug_abbrev  0x00001744      0x215 ..\obj\dma.o
 .debug_abbrev  0x00001959      0x156 ..\obj\usart.o

.debug_aranges  0x00000000      0xb18
 .debug_aranges
                0x00000000       0x48 ..\obj\delay.o
 .debug_aranges
                0x00000048      0x2f0 ..\obj\stm32f10x_tim.o
 .debug_aranges
                0x00000338       0x70 ..\obj\core.o
 .debug_aranges
                0x000003a8       0x48 ..\obj\fps_counter.o
 .debug_aranges
                0x000003f0       0x20 ..\obj\primitives.o
 .debug_aranges
                0x00000410       0x38 ..\obj\system_stm32f10x.o
 .debug_aranges
                0x00000448       0x28 ..\obj\startup_stm32f10x_md.o
 .debug_aranges
                0x00000470       0xa8 ..\obj\stm32f10x_gpio.o
 .debug_aranges
                0x00000518       0x28 ..\obj\main.o
 .debug_aranges
                0x00000540      0x118 ..\obj\stm32f10x_rcc.o
 .debug_aranges
                0x00000658       0x28 ..\obj\encoder.o
 .debug_aranges
                0x00000680       0x88 ..\obj\graph.o
 .debug_aranges
                0x00000708      0x100 ..\obj\stm32f10x_usart.o
 .debug_aranges
                0x00000808       0x60 ..\obj\text.o
 .debug_aranges
                0x00000868       0x60 ..\obj\syscalls.o
 .debug_aranges
                0x000008c8       0x70 ..\obj\stm32f10x_dma.o
 .debug_aranges
                0x00000938       0x20 ..\obj\itoa.o
 .debug_aranges
                0x00000958       0xd0 ..\obj\stm32f10x_spi.o
 .debug_aranges
                0x00000a28       0xb0 ..\obj\dma.o
 .debug_aranges
                0x00000ad8       0x40 ..\obj\usart.o

.debug_ranges   0x00000000      0x9d8
 .debug_ranges  0x00000000       0x38 ..\obj\delay.o
 .debug_ranges  0x00000038      0x2e0 ..\obj\stm32f10x_tim.o
 .debug_ranges  0x00000318       0x60 ..\obj\core.o
 .debug_ranges  0x00000378       0x38 ..\obj\fps_counter.o
 .debug_ranges  0x000003b0       0x10 ..\obj\primitives.o
 .debug_ranges  0x000003c0       0x28 ..\obj\system_stm32f10x.o
 .debug_ranges  0x000003e8       0x18 ..\obj\startup_stm32f10x_md.o
 .debug_ranges  0x00000400       0x98 ..\obj\stm32f10x_gpio.o
 .debug_ranges  0x00000498       0x18 ..\obj\main.o
 .debug_ranges  0x000004b0      0x108 ..\obj\stm32f10x_rcc.o
 .debug_ranges  0x000005b8       0x18 ..\obj\encoder.o
 .debug_ranges  0x000005d0       0x78 ..\obj\graph.o
 .debug_ranges  0x00000648       0xf0 ..\obj\stm32f10x_usart.o
 .debug_ranges  0x00000738       0x50 ..\obj\text.o
 .debug_ranges  0x00000788       0x50 ..\obj\syscalls.o
 .debug_ranges  0x000007d8       0x60 ..\obj\stm32f10x_dma.o
 .debug_ranges  0x00000838       0x10 ..\obj\itoa.o
 .debug_ranges  0x00000848       0xc0 ..\obj\stm32f10x_spi.o
 .debug_ranges  0x00000908       0xa0 ..\obj\dma.o
 .debug_ranges  0x000009a8       0x30 ..\obj\usart.o

.debug_line     0x00000000     0x417b
 .debug_line    0x00000000      0x247 ..\obj\delay.o
 .debug_line    0x00000247      0xb68 ..\obj\stm32f10x_tim.o
 .debug_line    0x00000daf      0x315 ..\obj\core.o
 .debug_line    0x000010c4      0x272 ..\obj\fps_counter.o
 .debug_line    0x00001336      0x225 ..\obj\primitives.o
 .debug_line    0x0000155b      0x22e ..\obj\system_stm32f10x.o
 .debug_line    0x00001789       0xa7 ..\obj\startup_stm32f10x_md.o
 .debug_line    0x00001830      0x3e8 ..\obj\stm32f10x_gpio.o
 .debug_line    0x00001c18      0x21d ..\obj\main.o
 .debug_line    0x00001e35      0x4e3 ..\obj\stm32f10x_rcc.o
 .debug_line    0x00002318      0x233 ..\obj\encoder.o
 .debug_line    0x0000254b      0x3a7 ..\obj\graph.o
 .debug_line    0x000028f2      0x4ca ..\obj\stm32f10x_usart.o
 .debug_line    0x00002dbc      0x350 ..\obj\text.o
 .debug_line    0x0000310c      0x188 ..\obj\syscalls.o
 .debug_line    0x00003294      0x350 ..\obj\stm32f10x_dma.o
 .debug_line    0x000035e4       0xc3 ..\obj\itoa.o
 .debug_line    0x000036a7      0x445 ..\obj\stm32f10x_spi.o
 .debug_line    0x00003aec      0x415 ..\obj\dma.o
 .debug_line    0x00003f01      0x27a ..\obj\usart.o

.debug_str      0x00000000     0x2e40
 .debug_str     0x00000000      0x54e ..\obj\delay.o
                                0x5aa (size before relaxing)
 .debug_str     0x0000054e      0xbf4 ..\obj\stm32f10x_tim.o
                                0xdea (size before relaxing)
 .debug_str     0x00001142      0x301 ..\obj\core.o
                                0x4cc (size before relaxing)
 .debug_str     0x00001443       0xaa ..\obj\fps_counter.o
                                0x6a5 (size before relaxing)
 .debug_str     0x000014ed       0x7c ..\obj\primitives.o
                                0x1b8 (size before relaxing)
 .debug_str     0x00001569      0x10e ..\obj\system_stm32f10x.o
                                0x2fc (size before relaxing)
 .debug_str     0x00001677       0xb5 ..\obj\startup_stm32f10x_md.o
                                0x14c (size before relaxing)
 .debug_str     0x0000172c      0x266 ..\obj\stm32f10x_gpio.o
                                0x526 (size before relaxing)
 .debug_str     0x00001992       0xd9 ..\obj\main.o
                                0x22e (size before relaxing)
 .debug_str     0x00001a6b      0x3ed ..\obj\stm32f10x_rcc.o
                                0x627 (size before relaxing)
 .debug_str     0x00001e58       0x66 ..\obj\encoder.o
                                0x474 (size before relaxing)
 .debug_str     0x00001ebe      0x160 ..\obj\graph.o
                                0x2e7 (size before relaxing)
 .debug_str     0x0000201e      0x434 ..\obj\stm32f10x_usart.o
                                0x69d (size before relaxing)
 .debug_str     0x00002452      0x15c ..\obj\text.o
                                0x2c7 (size before relaxing)
 .debug_str     0x000025ae      0x15e ..\obj\syscalls.o
                                0x2ea (size before relaxing)
 .debug_str     0x0000270c      0x221 ..\obj\stm32f10x_dma.o
                                0x3c4 (size before relaxing)
 .debug_str     0x0000292d       0x53 ..\obj\itoa.o
                                 0xef (size before relaxing)
 .debug_str     0x00002980      0x2ca ..\obj\stm32f10x_spi.o
                                0x60a (size before relaxing)
 .debug_str     0x00002c4a      0x182 ..\obj\dma.o
                                0x794 (size before relaxing)
 .debug_str     0x00002dcc       0x74 ..\obj\usart.o
                                0x405 (size before relaxing)

.comment        0x00000000       0x6e
 .comment       0x00000000       0x6e ..\obj\delay.o
                                 0x6f (size before relaxing)
 .comment       0x0000006e       0x6f ..\obj\stm32f10x_tim.o
 .comment       0x0000006e       0x6f ..\obj\core.o
 .comment       0x0000006e       0x6f ..\obj\fps_counter.o
 .comment       0x0000006e       0x6f ..\obj\primitives.o
 .comment       0x0000006e       0x6f ..\obj\system_stm32f10x.o
 .comment       0x0000006e       0x6f ..\obj\startup_stm32f10x_md.o
 .comment       0x0000006e       0x6f ..\obj\stm32f10x_gpio.o
 .comment       0x0000006e       0x6f ..\obj\main.o
 .comment       0x0000006e       0x6f ..\obj\stm32f10x_rcc.o
 .comment       0x0000006e       0x6f ..\obj\encoder.o
 .comment       0x0000006e       0x6f ..\obj\graph.o
 .comment       0x0000006e       0x6f ..\obj\stm32f10x_usart.o
 .comment       0x0000006e       0x6f ..\obj\text.o
 .comment       0x0000006e       0x6f ..\obj\syscalls.o
 .comment       0x0000006e       0x6f ..\obj\stm32f10x_dma.o
 .comment       0x0000006e       0x6f ..\obj\itoa.o
 .comment       0x0000006e       0x6f ..\obj\stm32f10x_spi.o
 .comment       0x0000006e       0x6f ..\obj\dma.o
 .comment       0x0000006e       0x6f ..\obj\usart.o

.ARM.attributes
                0x00000000       0x31
 .ARM.attributes
                0x00000000       0x33 ..\obj\delay.o
 .ARM.attributes
                0x00000033       0x33 ..\obj\stm32f10x_tim.o
 .ARM.attributes
                0x00000066       0x33 ..\obj\core.o
 .ARM.attributes
                0x00000099       0x33 ..\obj\fps_counter.o
 .ARM.attributes
                0x000000cc       0x33 ..\obj\primitives.o
 .ARM.attributes
                0x000000ff       0x33 ..\obj\system_stm32f10x.o
 .ARM.attributes
                0x00000132       0x33 ..\obj\startup_stm32f10x_md.o
 .ARM.attributes
                0x00000165       0x33 ..\obj\stm32f10x_gpio.o
 .ARM.attributes
                0x00000198       0x33 ..\obj\main.o
 .ARM.attributes
                0x000001cb       0x33 ..\obj\stm32f10x_rcc.o
 .ARM.attributes
                0x000001fe       0x33 ..\obj\encoder.o
 .ARM.attributes
                0x00000231       0x33 ..\obj\graph.o
 .ARM.attributes
                0x00000264       0x33 ..\obj\stm32f10x_usart.o
 .ARM.attributes
                0x00000297       0x33 ..\obj\text.o
 .ARM.attributes
                0x000002ca       0x33 ..\obj\syscalls.o
 .ARM.attributes
                0x000002fd       0x33 ..\obj\stm32f10x_dma.o
 .ARM.attributes
                0x00000330       0x33 ..\obj\itoa.o
 .ARM.attributes
                0x00000363       0x33 ..\obj\stm32f10x_spi.o
 .ARM.attributes
                0x00000396       0x33 ..\obj\dma.o
 .ARM.attributes
                0x000003c9       0x33 ..\obj\usart.o
 .ARM.attributes
                0x000003fc       0x2d c:/program files (x86)/gnu tools arm embedded/5.2 2015q4/bin/../lib/gcc/arm-none-eabi/5.2.1/../../../../arm-none-eabi/lib/armv7-m\libg.a(lib_a-sprintf.o)
 .ARM.attributes
                0x00000429       0x2d c:/program files (x86)/gnu tools arm embedded/5.2 2015q4/bin/../lib/gcc/arm-none-eabi/5.2.1/../../../../arm-none-eabi/lib/armv7-m\libg.a(lib_a-svfprintf.o)
 .ARM.attributes
                0x00000456       0x2d c:/program files (x86)/gnu tools arm embedded/5.2 2015q4/bin/../lib/gcc/arm-none-eabi/5.2.1/../../../../arm-none-eabi/lib/armv7-m\libg.a(lib_a-dtoa.o)
 .ARM.attributes
                0x00000483       0x2d c:/program files (x86)/gnu tools arm embedded/5.2 2015q4/bin/../lib/gcc/arm-none-eabi/5.2.1/../../../../arm-none-eabi/lib/armv7-m\libg.a(lib_a-impure.o)
 .ARM.attributes
                0x000004b0       0x2d c:/program files (x86)/gnu tools arm embedded/5.2 2015q4/bin/../lib/gcc/arm-none-eabi/5.2.1/../../../../arm-none-eabi/lib/armv7-m\libg.a(lib_a-locale.o)
 .ARM.attributes
                0x000004dd       0x2d c:/program files (x86)/gnu tools arm embedded/5.2 2015q4/bin/../lib/gcc/arm-none-eabi/5.2.1/../../../../arm-none-eabi/lib/armv7-m\libg.a(lib_a-mallocr.o)
 .ARM.attributes
                0x0000050a       0x2d c:/program files (x86)/gnu tools arm embedded/5.2 2015q4/bin/../lib/gcc/arm-none-eabi/5.2.1/../../../../arm-none-eabi/lib/armv7-m\libg.a(lib_a-memchr-stub.o)
 .ARM.attributes
                0x00000537       0x1b c:/program files (x86)/gnu tools arm embedded/5.2 2015q4/bin/../lib/gcc/arm-none-eabi/5.2.1/../../../../arm-none-eabi/lib/armv7-m\libg.a(lib_a-memcpy.o)
 .ARM.attributes
                0x00000552       0x2d c:/program files (x86)/gnu tools arm embedded/5.2 2015q4/bin/../lib/gcc/arm-none-eabi/5.2.1/../../../../arm-none-eabi/lib/armv7-m\libg.a(lib_a-mlock.o)
 .ARM.attributes
                0x0000057f       0x2d c:/program files (x86)/gnu tools arm embedded/5.2 2015q4/bin/../lib/gcc/arm-none-eabi/5.2.1/../../../../arm-none-eabi/lib/armv7-m\libg.a(lib_a-mprec.o)
 .ARM.attributes
                0x000005ac       0x2d c:/program files (x86)/gnu tools arm embedded/5.2 2015q4/bin/../lib/gcc/arm-none-eabi/5.2.1/../../../../arm-none-eabi/lib/armv7-m\libg.a(lib_a-s_fpclassify.o)
 .ARM.attributes
                0x000005d9       0x2d c:/program files (x86)/gnu tools arm embedded/5.2 2015q4/bin/../lib/gcc/arm-none-eabi/5.2.1/../../../../arm-none-eabi/lib/armv7-m\libg.a(lib_a-sbrkr.o)
 .ARM.attributes
                0x00000606       0x2d c:/program files (x86)/gnu tools arm embedded/5.2 2015q4/bin/../lib/gcc/arm-none-eabi/5.2.1/../../../../arm-none-eabi/lib/armv7-m\libg.a(lib_a-strlen-stub.o)
 .ARM.attributes
                0x00000633       0x2d c:/program files (x86)/gnu tools arm embedded/5.2 2015q4/bin/../lib/gcc/arm-none-eabi/5.2.1/../../../../arm-none-eabi/lib/armv7-m\libg.a(lib_a-svfiprintf.o)
 .ARM.attributes
                0x00000660       0x2d c:/program files (x86)/gnu tools arm embedded/5.2 2015q4/bin/../lib/gcc/arm-none-eabi/5.2.1/../../../../arm-none-eabi/lib/armv7-m\libg.a(lib_a-callocr.o)
 .ARM.attributes
                0x0000068d       0x2d c:/program files (x86)/gnu tools arm embedded/5.2 2015q4/bin/../lib/gcc/arm-none-eabi/5.2.1/../../../../arm-none-eabi/lib/armv7-m\libg.a(lib_a-freer.o)
 .ARM.attributes
                0x000006ba       0x2d c:/program files (x86)/gnu tools arm embedded/5.2 2015q4/bin/../lib/gcc/arm-none-eabi/5.2.1/../../../../arm-none-eabi/lib/armv7-m\libg.a(lib_a-memmove.o)
 .ARM.attributes
                0x000006e7       0x2d c:/program files (x86)/gnu tools arm embedded/5.2 2015q4/bin/../lib/gcc/arm-none-eabi/5.2.1/../../../../arm-none-eabi/lib/armv7-m\libg.a(lib_a-memset.o)
 .ARM.attributes
                0x00000714       0x2d c:/program files (x86)/gnu tools arm embedded/5.2 2015q4/bin/../lib/gcc/arm-none-eabi/5.2.1/../../../../arm-none-eabi/lib/armv7-m\libg.a(lib_a-reallocr.o)
 .ARM.attributes
                0x00000741       0x2d c:/program files (x86)/gnu tools arm embedded/5.2 2015q4/bin/../lib/gcc/arm-none-eabi/5.2.1/../../../../arm-none-eabi/lib/armv7-m\libg.a(lib_a-reent.o)
 .ARM.attributes
                0x0000076e       0x1d c:/program files (x86)/gnu tools arm embedded/5.2 2015q4/bin/../lib/gcc/arm-none-eabi/5.2.1/armv7-m\libgcc.a(_arm_addsubdf3.o)
 .ARM.attributes
                0x0000078b       0x1d c:/program files (x86)/gnu tools arm embedded/5.2 2015q4/bin/../lib/gcc/arm-none-eabi/5.2.1/armv7-m\libgcc.a(_arm_muldivdf3.o)
 .ARM.attributes
                0x000007a8       0x1d c:/program files (x86)/gnu tools arm embedded/5.2 2015q4/bin/../lib/gcc/arm-none-eabi/5.2.1/armv7-m\libgcc.a(_arm_cmpdf2.o)
 .ARM.attributes
                0x000007c5       0x1d c:/program files (x86)/gnu tools arm embedded/5.2 2015q4/bin/../lib/gcc/arm-none-eabi/5.2.1/armv7-m\libgcc.a(_arm_fixdfsi.o)
 .ARM.attributes
                0x000007e2       0x1d c:/program files (x86)/gnu tools arm embedded/5.2 2015q4/bin/../lib/gcc/arm-none-eabi/5.2.1/armv7-m\libgcc.a(_aeabi_uldivmod.o)
 .ARM.attributes
                0x000007ff       0x2d c:/program files (x86)/gnu tools arm embedded/5.2 2015q4/bin/../lib/gcc/arm-none-eabi/5.2.1/armv7-m\libgcc.a(_udivmoddi4.o)
 .ARM.attributes
                0x0000082c       0x1d c:/program files (x86)/gnu tools arm embedded/5.2 2015q4/bin/../lib/gcc/arm-none-eabi/5.2.1/armv7-m\libgcc.a(_dvmd_tls.o)

.debug_frame    0x00000000     0x3590
 .debug_frame   0x00000000       0xe8 ..\obj\delay.o
 .debug_frame   0x000000e8      0xe2c ..\obj\stm32f10x_tim.o
 .debug_frame   0x00000f14      0x178 ..\obj\core.o
 .debug_frame   0x0000108c       0xd4 ..\obj\fps_counter.o
 .debug_frame   0x00001160       0x38 ..\obj\primitives.o
 .debug_frame   0x00001198       0x98 ..\obj\system_stm32f10x.o
 .debug_frame   0x00001230       0x4c ..\obj\startup_stm32f10x_md.o
 .debug_frame   0x0000127c      0x2d0 ..\obj\stm32f10x_gpio.o
 .debug_frame   0x0000154c       0x50 ..\obj\main.o
 .debug_frame   0x0000159c      0x4f4 ..\obj\stm32f10x_rcc.o
 .debug_frame   0x00001a90       0x54 ..\obj\encoder.o
 .debug_frame   0x00001ae4      0x230 ..\obj\graph.o
 .debug_frame   0x00001d14      0x490 ..\obj\stm32f10x_usart.o
 .debug_frame   0x000021a4      0x170 ..\obj\text.o
 .debug_frame   0x00002314      0x168 ..\obj\syscalls.o
 .debug_frame   0x0000247c      0x1c8 ..\obj\stm32f10x_dma.o
 .debug_frame   0x00002644       0x38 ..\obj\itoa.o
 .debug_frame   0x0000267c      0x3a0 ..\obj\stm32f10x_spi.o
 .debug_frame   0x00002a1c      0x2a0 ..\obj\dma.o
 .debug_frame   0x00002cbc       0xc4 ..\obj\usart.o
 .debug_frame   0x00002d80       0x84 c:/program files (x86)/gnu tools arm embedded/5.2 2015q4/bin/../lib/gcc/arm-none-eabi/5.2.1/../../../../arm-none-eabi/lib/armv7-m\libg.a(lib_a-sprintf.o)
 .debug_frame   0x00002e04       0x44 c:/program files (x86)/gnu tools arm embedded/5.2 2015q4/bin/../lib/gcc/arm-none-eabi/5.2.1/../../../../arm-none-eabi/lib/armv7-m\libg.a(lib_a-svfprintf.o)
 .debug_frame   0x00002e48       0x84 c:/program files (x86)/gnu tools arm embedded/5.2 2015q4/bin/../lib/gcc/arm-none-eabi/5.2.1/../../../../arm-none-eabi/lib/armv7-m\libg.a(lib_a-dtoa.o)
 .debug_frame   0x00002ecc       0x9c c:/program files (x86)/gnu tools arm embedded/5.2 2015q4/bin/../lib/gcc/arm-none-eabi/5.2.1/../../../../arm-none-eabi/lib/armv7-m\libg.a(lib_a-locale.o)
 .debug_frame   0x00002f68       0x54 c:/program files (x86)/gnu tools arm embedded/5.2 2015q4/bin/../lib/gcc/arm-none-eabi/5.2.1/../../../../arm-none-eabi/lib/armv7-m\libg.a(lib_a-mallocr.o)
 .debug_frame   0x00002fbc       0x34 c:/program files (x86)/gnu tools arm embedded/5.2 2015q4/bin/../lib/gcc/arm-none-eabi/5.2.1/../../../../arm-none-eabi/lib/armv7-m\libg.a(lib_a-memchr-stub.o)
 .debug_frame   0x00002ff0       0x30 c:/program files (x86)/gnu tools arm embedded/5.2 2015q4/bin/../lib/gcc/arm-none-eabi/5.2.1/../../../../arm-none-eabi/lib/armv7-m\libg.a(lib_a-mlock.o)
 .debug_frame   0x00003020      0x264 c:/program files (x86)/gnu tools arm embedded/5.2 2015q4/bin/../lib/gcc/arm-none-eabi/5.2.1/../../../../arm-none-eabi/lib/armv7-m\libg.a(lib_a-mprec.o)
 .debug_frame   0x00003284       0x34 c:/program files (x86)/gnu tools arm embedded/5.2 2015q4/bin/../lib/gcc/arm-none-eabi/5.2.1/../../../../arm-none-eabi/lib/armv7-m\libg.a(lib_a-s_fpclassify.o)
 .debug_frame   0x000032b8       0x2c c:/program files (x86)/gnu tools arm embedded/5.2 2015q4/bin/../lib/gcc/arm-none-eabi/5.2.1/../../../../arm-none-eabi/lib/armv7-m\libg.a(lib_a-sbrkr.o)
 .debug_frame   0x000032e4       0x20 c:/program files (x86)/gnu tools arm embedded/5.2 2015q4/bin/../lib/gcc/arm-none-eabi/5.2.1/../../../../arm-none-eabi/lib/armv7-m\libg.a(lib_a-strlen-stub.o)
 .debug_frame   0x00003304       0x78 c:/program files (x86)/gnu tools arm embedded/5.2 2015q4/bin/../lib/gcc/arm-none-eabi/5.2.1/../../../../arm-none-eabi/lib/armv7-m\libg.a(lib_a-svfiprintf.o)
 .debug_frame   0x0000337c       0x28 c:/program files (x86)/gnu tools arm embedded/5.2 2015q4/bin/../lib/gcc/arm-none-eabi/5.2.1/../../../../arm-none-eabi/lib/armv7-m\libg.a(lib_a-callocr.o)
 .debug_frame   0x000033a4       0x74 c:/program files (x86)/gnu tools arm embedded/5.2 2015q4/bin/../lib/gcc/arm-none-eabi/5.2.1/../../../../arm-none-eabi/lib/armv7-m\libg.a(lib_a-freer.o)
 .debug_frame   0x00003418       0x30 c:/program files (x86)/gnu tools arm embedded/5.2 2015q4/bin/../lib/gcc/arm-none-eabi/5.2.1/../../../../arm-none-eabi/lib/armv7-m\libg.a(lib_a-memmove.o)
 .debug_frame   0x00003448       0x34 c:/program files (x86)/gnu tools arm embedded/5.2 2015q4/bin/../lib/gcc/arm-none-eabi/5.2.1/../../../../arm-none-eabi/lib/armv7-m\libg.a(lib_a-memset.o)
 .debug_frame   0x0000347c       0x58 c:/program files (x86)/gnu tools arm embedded/5.2 2015q4/bin/../lib/gcc/arm-none-eabi/5.2.1/../../../../arm-none-eabi/lib/armv7-m\libg.a(lib_a-reallocr.o)
 .debug_frame   0x000034d4       0x58 c:/program files (x86)/gnu tools arm embedded/5.2 2015q4/bin/../lib/gcc/arm-none-eabi/5.2.1/../../../../arm-none-eabi/lib/armv7-m\libg.a(lib_a-reent.o)
 .debug_frame   0x0000352c       0x2c c:/program files (x86)/gnu tools arm embedded/5.2 2015q4/bin/../lib/gcc/arm-none-eabi/5.2.1/armv7-m\libgcc.a(_aeabi_uldivmod.o)
 .debug_frame   0x00003558       0x38 c:/program files (x86)/gnu tools arm embedded/5.2 2015q4/bin/../lib/gcc/arm-none-eabi/5.2.1/armv7-m\libgcc.a(_udivmoddi4.o)
